mode: set
verify-debug/cmd/migrate/main.go:11.13,12.22 1 0
verify-debug/cmd/migrate/main.go:12.22,14.3 1 0
verify-debug/cmd/migrate/main.go:16.2,21.16 4 0
verify-debug/cmd/migrate/main.go:21.16,23.3 1 0
verify-debug/cmd/migrate/main.go:25.2,25.15 1 0
verify-debug/cmd/migrate/main.go:25.15,26.36 1 0
verify-debug/cmd/migrate/main.go:26.36,28.4 1 0
verify-debug/cmd/migrate/main.go:31.2,32.22 2 0
verify-debug/cmd/migrate/main.go:32.22,34.3 1 0
verify-debug/cmd/migrate/main.go:36.2,36.66 1 0
verify-debug/cmd/migrate/main.go:36.66,38.3 1 0
verify-debug/internal/infrastructure/middleware/middleware.go:14.70,15.46 1 0
verify-debug/internal/infrastructure/middleware/middleware.go:15.46,16.72 1 0
verify-debug/internal/infrastructure/middleware/middleware.go:16.72,36.4 6 0
verify-debug/internal/infrastructure/middleware/middleware.go:45.49,48.2 2 0
verify-debug/internal/infrastructure/middleware/recovery.go:13.65,14.46 1 0
verify-debug/internal/infrastructure/middleware/recovery.go:14.46,15.72 1 0
verify-debug/internal/infrastructure/middleware/recovery.go:15.72,16.17 1 0
verify-debug/internal/infrastructure/middleware/recovery.go:16.17,17.37 1 0
verify-debug/internal/infrastructure/middleware/recovery.go:17.37,30.6 2 0
verify-debug/internal/infrastructure/middleware/recovery.go:33.4,33.24 1 0
verify-debug/internal/infrastructure/observability/logger.go:9.31,15.2 3 0
verify-debug/internal/infrastructure/observability/metrics.go:18.20,20.2 1 0
