mode: set
demo-app/cmd/migrate/main.go:11.13,12.22 1 0
demo-app/cmd/migrate/main.go:12.22,14.3 1 0
demo-app/cmd/migrate/main.go:16.2,21.16 4 0
demo-app/cmd/migrate/main.go:21.16,23.3 1 0
demo-app/cmd/migrate/main.go:25.2,25.15 1 0
demo-app/cmd/migrate/main.go:25.15,26.36 1 0
demo-app/cmd/migrate/main.go:26.36,28.4 1 0
demo-app/cmd/migrate/main.go:31.2,32.22 2 0
demo-app/cmd/migrate/main.go:32.22,34.3 1 0
demo-app/cmd/migrate/main.go:36.2,36.66 1 0
demo-app/cmd/migrate/main.go:36.66,38.3 1 0
demo-app/internal/modules/auth/domain/auth.go:25.32,27.2 1 0
demo-app/internal/modules/user/handlers/user_handler.go:18.62,20.2 1 0
demo-app/internal/modules/user/handlers/user_handler.go:23.58,32.2 6 0
demo-app/internal/modules/user/handlers/user_handler.go:45.70,47.64 2 0
demo-app/internal/modules/user/handlers/user_handler.go:47.64,50.3 2 0
demo-app/internal/modules/user/handlers/user_handler.go:52.2,52.54 1 0
demo-app/internal/modules/user/handlers/user_handler.go:52.54,55.3 2 0
demo-app/internal/modules/user/handlers/user_handler.go:57.2,58.35 2 0
demo-app/internal/modules/user/handlers/user_handler.go:72.71,75.16 3 0
demo-app/internal/modules/user/handlers/user_handler.go:75.16,78.3 2 0
demo-app/internal/modules/user/handlers/user_handler.go:80.2,81.16 2 0
demo-app/internal/modules/user/handlers/user_handler.go:81.16,84.3 2 0
demo-app/internal/modules/user/handlers/user_handler.go:86.2,87.35 2 0
demo-app/internal/modules/user/handlers/user_handler.go:91.70,94.16 3 0
demo-app/internal/modules/user/handlers/user_handler.go:94.16,97.3 2 0
demo-app/internal/modules/user/handlers/user_handler.go:99.2,100.64 2 0
demo-app/internal/modules/user/handlers/user_handler.go:100.64,103.3 2 0
demo-app/internal/modules/user/handlers/user_handler.go:105.2,106.54 2 0
demo-app/internal/modules/user/handlers/user_handler.go:106.54,109.3 2 0
demo-app/internal/modules/user/handlers/user_handler.go:111.2,112.35 2 0
demo-app/internal/modules/user/handlers/user_handler.go:116.70,119.16 3 0
demo-app/internal/modules/user/handlers/user_handler.go:119.16,122.3 2 0
demo-app/internal/modules/user/handlers/user_handler.go:124.2,124.55 1 0
demo-app/internal/modules/user/handlers/user_handler.go:124.55,127.3 2 0
demo-app/internal/modules/user/handlers/user_handler.go:129.2,129.37 1 0
demo-app/internal/modules/user/handlers/user_handler.go:133.68,145.16 6 0
demo-app/internal/modules/user/handlers/user_handler.go:145.16,148.3 2 0
demo-app/internal/modules/user/handlers/user_handler.go:150.2,151.37 2 0
demo-app/internal/modules/auth/handlers/auth_handler.go:18.62,20.2 1 0
demo-app/internal/modules/auth/handlers/auth_handler.go:23.58,32.2 6 0
demo-app/internal/modules/auth/handlers/auth_handler.go:45.70,47.64 2 0
demo-app/internal/modules/auth/handlers/auth_handler.go:47.64,50.3 2 0
demo-app/internal/modules/auth/handlers/auth_handler.go:52.2,52.54 1 0
demo-app/internal/modules/auth/handlers/auth_handler.go:52.54,55.3 2 0
demo-app/internal/modules/auth/handlers/auth_handler.go:57.2,58.35 2 0
demo-app/internal/modules/auth/handlers/auth_handler.go:72.71,75.16 3 0
demo-app/internal/modules/auth/handlers/auth_handler.go:75.16,78.3 2 0
demo-app/internal/modules/auth/handlers/auth_handler.go:80.2,81.16 2 0
demo-app/internal/modules/auth/handlers/auth_handler.go:81.16,84.3 2 0
demo-app/internal/modules/auth/handlers/auth_handler.go:86.2,87.35 2 0
demo-app/internal/modules/auth/handlers/auth_handler.go:91.70,94.16 3 0
demo-app/internal/modules/auth/handlers/auth_handler.go:94.16,97.3 2 0
demo-app/internal/modules/auth/handlers/auth_handler.go:99.2,100.64 2 0
demo-app/internal/modules/auth/handlers/auth_handler.go:100.64,103.3 2 0
demo-app/internal/modules/auth/handlers/auth_handler.go:105.2,106.54 2 0
demo-app/internal/modules/auth/handlers/auth_handler.go:106.54,109.3 2 0
demo-app/internal/modules/auth/handlers/auth_handler.go:111.2,112.35 2 0
demo-app/internal/modules/auth/handlers/auth_handler.go:116.70,119.16 3 0
demo-app/internal/modules/auth/handlers/auth_handler.go:119.16,122.3 2 0
demo-app/internal/modules/auth/handlers/auth_handler.go:124.2,124.55 1 0
demo-app/internal/modules/auth/handlers/auth_handler.go:124.55,127.3 2 0
demo-app/internal/modules/auth/handlers/auth_handler.go:129.2,129.37 1 0
demo-app/internal/modules/auth/handlers/auth_handler.go:133.68,145.16 6 0
demo-app/internal/modules/auth/handlers/auth_handler.go:145.16,148.3 2 0
demo-app/internal/modules/auth/handlers/auth_handler.go:150.2,151.37 2 0
demo-app/internal/modules/user/domain/user.go:25.32,27.2 1 0
demo-app/internal/modules/auth/module.go:15.28,22.72 1 0
demo-app/internal/modules/auth/module.go:22.72,24.18 1 0
demo-app/internal/modules/auth/repository/auth_repository.go:13.59,15.2 1 0
demo-app/internal/modules/auth/repository/auth_repository.go:17.60,19.2 1 0
demo-app/internal/modules/auth/repository/auth_repository.go:21.65,25.2 3 0
demo-app/internal/modules/auth/repository/auth_repository.go:27.60,29.2 1 0
demo-app/internal/modules/auth/repository/auth_repository.go:31.48,33.2 1 0
demo-app/internal/modules/auth/repository/auth_repository.go:35.83,39.24 3 0
demo-app/internal/modules/auth/repository/auth_repository.go:39.25,42.3 0 0
demo-app/internal/modules/auth/repository/auth_repository.go:44.2,44.22 1 0
demo-app/internal/modules/auth/repository/auth_repository.go:44.22,46.3 1 0
demo-app/internal/modules/auth/repository/auth_repository.go:47.2,47.23 1 0
demo-app/internal/modules/auth/repository/auth_repository.go:47.23,49.3 1 0
demo-app/internal/modules/auth/repository/auth_repository.go:51.2,52.22 2 0
demo-app/internal/modules/user/module.go:15.28,22.72 1 0
demo-app/internal/modules/user/module.go:22.72,24.18 1 0
demo-app/internal/modules/auth/service/auth_service.go:12.68,14.2 1 0
demo-app/internal/modules/auth/service/auth_service.go:16.61,19.2 1 0
demo-app/internal/modules/auth/service/auth_service.go:21.66,23.2 1 0
demo-app/internal/modules/auth/service/auth_service.go:25.61,28.2 1 0
demo-app/internal/modules/auth/service/auth_service.go:30.49,33.2 1 0
demo-app/internal/modules/auth/service/auth_service.go:35.85,37.2 1 0
demo-app/internal/modules/user/service/user_service.go:12.68,14.2 1 0
demo-app/internal/modules/user/service/user_service.go:16.61,19.2 1 0
demo-app/internal/modules/user/service/user_service.go:21.66,23.2 1 0
demo-app/internal/modules/user/service/user_service.go:25.61,28.2 1 0
demo-app/internal/modules/user/service/user_service.go:30.49,33.2 1 0
demo-app/internal/modules/user/service/user_service.go:35.85,37.2 1 0
demo-app/internal/modules/user/repository/user_repository.go:13.59,15.2 1 0
demo-app/internal/modules/user/repository/user_repository.go:17.60,19.2 1 0
demo-app/internal/modules/user/repository/user_repository.go:21.65,25.2 3 0
demo-app/internal/modules/user/repository/user_repository.go:27.60,29.2 1 0
demo-app/internal/modules/user/repository/user_repository.go:31.48,33.2 1 0
demo-app/internal/modules/user/repository/user_repository.go:35.83,39.24 3 0
demo-app/internal/modules/user/repository/user_repository.go:39.25,42.3 0 0
demo-app/internal/modules/user/repository/user_repository.go:44.2,44.22 1 0
demo-app/internal/modules/user/repository/user_repository.go:44.22,46.3 1 0
demo-app/internal/modules/user/repository/user_repository.go:47.2,47.23 1 0
demo-app/internal/modules/user/repository/user_repository.go:47.23,49.3 1 0
demo-app/internal/modules/user/repository/user_repository.go:51.2,52.22 2 0
demo-app/cmd/server/main.go:36.53,43.2 1 0
demo-app/cmd/server/main.go:45.40,46.81 1 0
demo-app/cmd/server/main.go:46.81,48.3 1 0
demo-app/cmd/server/main.go:49.2,49.12 1 0
demo-app/cmd/server/main.go:52.62,54.2 1 0
demo-app/cmd/server/main.go:58.40,60.2 1 0
demo-app/cmd/server/main.go:62.58,64.2 1 0
demo-app/cmd/server/main.go:66.59,67.42 1 0
demo-app/cmd/server/main.go:67.42,69.3 1 0
demo-app/cmd/server/main.go:70.2,70.31 1 0
demo-app/cmd/server/main.go:73.13,74.76 1 0
demo-app/cmd/server/main.go:74.76,76.3 1 0
demo-app/cmd/server/main.go:79.87,92.127 3 0
demo-app/cmd/server/main.go:92.127,105.42 7 0
demo-app/cmd/server/main.go:105.42,106.16 1 0
demo-app/cmd/server/main.go:106.16,107.44 1 0
demo-app/cmd/server/main.go:107.44,109.8 1 0
demo-app/cmd/server/main.go:111.6,111.16 1 0
demo-app/cmd/server/main.go:113.45,115.6 1 0
demo-app/cmd/server/main.go:120.2,120.39 1 0
demo-app/cmd/server/main.go:120.39,122.3 1 0
demo-app/cmd/server/main.go:124.2,129.30 4 0
demo-app/cmd/server/main.go:132.30,135.76 2 0
demo-app/cmd/server/main.go:135.76,138.3 2 0
demo-app/cmd/server/main.go:140.2,140.15 1 0
demo-app/internal/core/providers.go:12.42,16.2 1 0
demo-app/internal/core/providers.go:18.38,19.41 1 1
demo-app/internal/core/providers.go:19.41,22.2 2 1
demo-app/internal/core/providers.go:23.3,24.66 2 0
demo-app/internal/core/providers.go:24.66,26.4 1 0
demo-app/internal/core/providers.go:27.3,28.56 2 0
demo-app/internal/core/providers.go:32.42,33.49 1 1
demo-app/internal/core/providers.go:33.49,35.10 1 1
demo-app/internal/core/providers.go:36.9,36.24 1 1
